]0;~/olivia_Draft2[?1034hOlivias-MacBook-Pro:olivia_Draft2 olivia$ [KOlivias-MacBook-Pro:olivia_Draft2 olivia$ huog[K[Kgo server
[?25lBuilding sites … [?25h[K
                   | EN  
+------------------+----+
  Pages            |  7  
  Paginator pages  |  0  
  Non-page files   |  0  
  Static files     | 54  
  Processed images |  0  
  Aliases          |  0  
  Sitemaps         |  1  
  Cleaned          |  0  

Total in 293 ms
Watching for changes in /Users/olivia/olivia_Draft2/{content,data,layouts,static,themes}
Watching for config changes in /Users/olivia/olivia_Draft2/config.toml
Serving pages from memory
Running in Fast Render Mode. For full rebuilds on change: hugo server --disableFastRender
Web Server is available at //localhost:1313/ (bind address 127.0.0.1)
Press Ctrl+C to stop

 ^C]0;~/olivia_Draft2Olivias-MacBook-Pro:olivia_Draft2 olivia$ [KOlivias-MacBook-Pro:olivia_Draft2 olivia$ git remote add origin https://github.com/oliviahuang2018/Olivia_Huang_Website.g it
fatal: Not a git repository (or any of the parent directories): .git
]0;~/olivia_Draft2Olivias-MacBook-Pro:olivia_Draft2 olivia$ git remote ass origin https://github.com/oliviahuang2018/Olivia_Huang_Website.g it
fatal: Not a git repository (or any of the parent directories): .git
]0;~/olivia_Draft2Olivias-MacBook-Pro:olivia_Draft2 olivia$ git remote add por[K[K[Korigin https://github.com/oliviahuang2018/Olivia_Huang_Website.g it
fatal: Not a git repository (or any of the parent directories): .git
]0;~/olivia_Draft2Olivias-MacBook-Pro:olivia_Draft2 olivia$ git repo add origin https://github.com/oliviahuang2018/Olivia_Huang_Website.git [A[C[C[C[C[C[C[C[C[C[C[C[C[C[C[C[C[C[C[C[C[C[C[C[C[C[C[C[C[C[C[C[C[C[C[C[C[C[C[C[C[C[C[C[C[C[C[C[C[C[C[C[C[C[C[C[C[C[C[C[C[C[C[C[C[C[C[C[C[C[C[C[C[C[C[C[C[C[C[C[C[C[C[C[C[C[C[C[C[C[C[C[C[C[C[C[C[C[C[C[C[C[C[C[C[C[C[C[C[C[C[C[C[C[C[C[C[C[C[C[C[Kt
git: 'repo' is not a git command. See 'git --help'.

The most similar commands are
	grep
	reflog
	remote
	repack
]0;~/olivia_Draft2Olivias-MacBook-Pro:olivia_Draft2 olivia$ git remote adds[K origin https://github.com/oliviahuang2018/Olivia_Huang_Website.g it
fatal: Not a git repository (or any of the parent directories): .git
]0;~/olivia_Draft2[?1034hOlivias-MacBook-Pro:olivia_Draft2 olivia$ [KOlivias-MacBook-Pro:olivia_Draft2 olivia$ git remote add origin https://github.com/oliviahuang2018/Olivia_Huang_Website.g it
fatal: Not a git repository (or any of the parent directories): .git
]0;~/olivia_Draft2Olivias-MacBook-Pro:olivia_Draft2 olivia$ git remote add origin https://github.com/oliviahuang2018/Olivia_Huang_Website.giit[K[K[A[C[C[C[C[C[C[C[C[C[C[C[C[C[C[C[C[C[C[C[C[C[C[C[C[C[C[C[C[C[C[C[C[C[C[C[C[C[C[C[C[C[C[C[C[C[C[C[C[C[C[C[C[C[C[C[C[C[C[C[C[C[C[C[C[C[C[C[C[C[C[C[C[C[C[C[C[C[C[C[C[C[C[C[C[C[C[C[C[C[C[C[C[C[C[C[C[C[C[C[C[C[C[C[C[C[C[C[C[C[C[C[C[C[C[C[C[C[C[C[C[K
[K[A[C[C[C[C[C[C[C[C[C[C[C[C[C[C[C[C[C[C[C[C[C[C[C[C[C[C[C[C[C[C[C[C[C[C[C[C[C[C[C[C[C[C[C[C[C[C[C[C[C[C[C[C[C[C[C[C[C[C[C[C[C[C[C[C[C[C[C[C[C[C[C[C[C[C[C[C[C[C[C[C[C[C[C[C[C[C[C[C[C[C[C[C[C[C[C[C[C[C[C[C[C[C[C[C[C[C[C[C[C[C[C[C[C[C[C[C[C[C[C[C[K[Ke
fatal: Not a git repository (or any of the parent directories): .git
]0;~/olivia_Draft2Olivias-MacBook-Pro:olivia_Draft2 olivia$ git remote add origin https://github.com/oliviahuang2018/Olivia_Huang_Website.g ikt[K[Kt
fatal: Not a git repository (or any of the parent directories): .git
]0;~/olivia_Draft2Olivias-MacBook-Pro:olivia_Draft2 olivia$ git remote D[Kadd origin https://github.com/oliviahuang2018/olivia_power.git
fatal: Not a git repository (or any of the parent directories): .git
[KOlivias-MacBook-Pro:olivia_Draft2 olivia$ cd
]0;~Olivias-MacBook-Pro:~ olivia$ ls
03-Decision trees.ipynb				Session01- Workshop Python.ipynb
05-Writing Python Code.ipynb			Solutions to Sample Coding Questions.ipynb
05_strings.ipynb				Untitled-2.ai
AnacondaProjects				Untitled.R
Applications					Untitled.ipynb
Creative Cloud Files				Untitled1.ipynb
DSO 522 - Week 1				Untitled2.ipynb
Desktop						Untitled3.ipynb
Documents					Untitled4.ipynb
Downloads					Untitled5.ipynb
Homework 3 .ipynb				Untitled6.ipynb
Homework3_DSO570_Week3.ipynb			Untitled7.ipynb
Lab 1						Virtual_Resume_Olivia
Lab 2 						__pycache__
Lab 3						bin
Lab 5						decisiontrees.py
Library						demo3
MIP formulation phase 2.ipynb.txt		dump.rdb
Movies						gurobi.lic
Music						icon.png
Olivia						jdk-8u111-macosx-x64.dmg
Olivia_V2					jdk-8u121-macosx-x64.dmg
Olivia_V3					jre-8u112-macosx-x64.dmg
Olivia_V4					olivia_Draft2
Olivia_V5					olivia_draft
Olivia_V6					olivia_draft.Rproj
Olivia_website					osx-rjava-install.log
Pictures					project_phase1.ipynb
Public						rJava_0.9-8.tar.gz
R-3.3.2.pkg					titanic_practice
]0;~Olivias-MacBook-Pro:~ olivia$ cd
]0;~Olivias-MacBook-Pro:~ olivia$ ls
03-Decision trees.ipynb				Session01- Workshop Python.ipynb
05-Writing Python Code.ipynb			Solutions to Sample Coding Questions.ipynb
05_strings.ipynb				Untitled-2.ai
AnacondaProjects				Untitled.R
Applications					Untitled.ipynb
Creative Cloud Files				Untitled1.ipynb
DSO 522 - Week 1				Untitled2.ipynb
Desktop						Untitled3.ipynb
Documents					Untitled4.ipynb
Downloads					Untitled5.ipynb
Homework 3 .ipynb				Untitled6.ipynb
Homework3_DSO570_Week3.ipynb			Untitled7.ipynb
Lab 1						Virtual_Resume_Olivia
Lab 2 						__pycache__
Lab 3						bin
Lab 5						decisiontrees.py
Library						demo3
MIP formulation phase 2.ipynb.txt		dump.rdb
Movies						gurobi.lic
Music						icon.png
Olivia						jdk-8u111-macosx-x64.dmg
Olivia_V2					jdk-8u121-macosx-x64.dmg
Olivia_V3					jre-8u112-macosx-x64.dmg
Olivia_V4					olivia_Draft2
Olivia_V5					olivia_draft
Olivia_V6					olivia_draft.Rproj
Olivia_website					osx-rjava-install.log
Pictures					project_phase1.ipynb
Public						rJava_0.9-8.tar.gz
R-3.3.2.pkg					titanic_practice
]0;~Olivias-MacBook-Pro:~ olivia$ [KOlivias-MacBook-Pro:~ olivia$ [KOlivias-MacBook-Pro:~ olivia$ cd
]0;~Olivias-MacBook-Pro:~ olivia$ ls
03-Decision trees.ipynb				Session01- Workshop Python.ipynb
05-Writing Python Code.ipynb			Solutions to Sample Coding Questions.ipynb
05_strings.ipynb				Untitled-2.ai
AnacondaProjects				Untitled.R
Applications					Untitled.ipynb
Creative Cloud Files				Untitled1.ipynb
DSO 522 - Week 1				Untitled2.ipynb
Desktop						Untitled3.ipynb
Documents					Untitled4.ipynb
Downloads					Untitled5.ipynb
Homework 3 .ipynb				Untitled6.ipynb
Homework3_DSO570_Week3.ipynb			Untitled7.ipynb
Lab 1						Virtual_Resume_Olivia
Lab 2 						__pycache__
Lab 3						bin
Lab 5						decisiontrees.py
Library						demo3
MIP formulation phase 2.ipynb.txt		dump.rdb
Movies						gurobi.lic
Music						icon.png
Olivia						jdk-8u111-macosx-x64.dmg
Olivia_V2					jdk-8u121-macosx-x64.dmg
Olivia_V3					jre-8u112-macosx-x64.dmg
Olivia_V4					olivia_Draft2
Olivia_V5					olivia_draft
Olivia_V6					olivia_draft.Rproj
Olivia_website					osx-rjava-install.log
Pictures					project_phase1.ipynb
Public						rJava_0.9-8.tar.gz
R-3.3.2.pkg					titanic_practice
]0;~Olivias-MacBook-Pro:~ olivia$ [KOlivias-MacBook-Pro:~ olivia$ [KOlivias-MacBook-Pro:~ olivia$ git remote add orii[Kgin https://github.com/oliviahuang2018/olivia_power.git
fatal: Not a git repository (or any of the parent directories): .git
]0;~Olivias-MacBook-Pro:~ olivia$ git clone https://github.com/oliviahuang2018/olivia_power.git
Cloning into 'olivia_power'...
remote: Counting objects: 3, done.[K
remote: Total 3 (delta 0), reused 0 (delta 0), pack-reused 0[K
Unpacking objects:  33% (1/3)   Unpacking objects:  66% (2/3)   Unpacking objects: 100% (3/3)   Unpacking objects: 100% (3/3), done.
]0;~Olivias-MacBook-Pro:~ olivia$ git add remote origin https://github.com/oliviahuang2018/olivia_power.git
fatal: Not a git repository (or any of the parent directories): .git
]0;~Olivias-MacBook-Pro:~ olivia$ [KOlivias-MacBook-Pro:~ olivia$ git init
Initialized empty Git repository in /Users/olivia/.git/
]0;~Olivias-MacBook-Pro:~ olivia$ cd ~/olivia_Draft2
]0;~/olivia_Draft2Olivias-MacBook-Pro:olivia_Draft2 olivia$ ls[K[Kcd
]0;~Olivias-MacBook-Pro:~ olivia$ ls
03-Decision trees.ipynb				Solutions to Sample Coding Questions.ipynb
05-Writing Python Code.ipynb			Untitled-2.ai
05_strings.ipynb				Untitled.R
AnacondaProjects				Untitled.ipynb
Applications					Untitled1.ipynb
Creative Cloud Files				Untitled2.ipynb
DSO 522 - Week 1				Untitled3.ipynb
Desktop						Untitled4.ipynb
Documents					Untitled5.ipynb
Downloads					Untitled6.ipynb
Homework 3 .ipynb				Untitled7.ipynb
Homework3_DSO570_Week3.ipynb			Virtual_Resume_Olivia
Lab 1						__pycache__
Lab 2 						bin
Lab 3						decisiontrees.py
Lab 5						demo3
Library						dump.rdb
MIP formulation phase 2.ipynb.txt		gurobi.lic
Movies						icon.png
Music						jdk-8u111-macosx-x64.dmg
Olivia						jdk-8u121-macosx-x64.dmg
Olivia_V2					jre-8u112-macosx-x64.dmg
Olivia_V3					olivia_Draft2
Olivia_V4					olivia_draft
Olivia_V5					olivia_draft.Rproj
Olivia_V6					olivia_power
Olivia_website					osx-rjava-install.log
Pictures					project_phase1.ipynb
Public						rJava_0.9-8.tar.gz
R-3.3.2.pkg					titanic_practice
Session01- Workshop Python.ipynb
]0;~Olivias-MacBook-Pro:~ olivia$ lscd ~/olivia_Draft2[1Polivia_Draft2/olivia_Draft2
]0;~/olivia_Draft2Olivias-MacBook-Pro:olivia_Draft2 olivia$ ls
archetypes		content			layouts			resources
config-empty.toml	data			olivia_Draft2.Rproj	static
config.toml		index.Rmd		public			themes
]0;~/olivia_Draft2Olivias-MacBook-Pro:olivia_Draft2 olivia$ git init
Initialized empty Git repository in /Users/olivia/olivia_Draft2/.git/
]0;~/olivia_Draft2Olivias-MacBook-Pro:olivia_Draft2 olivia$ git add remote origin Not a git repository (or any of the parent directories):  .git
bash: syntax error near unexpected token `('
]0;~/olivia_Draft2Olivias-MacBook-Pro:olivia_Draft2 olivia$ git asd more origi[K[K[K[K[K[K[K[K[K[K[K[K[Kdd remote origin https://github.com/oliviahuang2018/olivia_power.git
fatal: pathspec 'remote' did not match any files
]0;~/olivia_Draft2Olivias-MacBook-Pro:olivia_Draft2 olivia$ git clone https://github.com/oliviahuang2018/olivia_power.git
Cloning into 'olivia_power'...
remote: Counting objects: 3, done.[K
remote: Total 3 (delta 0), reused 0 (delta 0), pack-reused 0[K
Unpacking objects:  33% (1/3)   Unpacking objects:  66% (2/3)   Unpacking objects: 100% (3/3)   Unpacking objects: 100% (3/3), done.
]0;~/olivia_Draft2Olivias-MacBook-Pro:olivia_Draft2 olivia$ git clone https://github.com/oliviahuang2018/olivia_power.git[C[C[C[C[C[C[C[C[C[C[C[C[C[C[C[C[C[C[C[C[C[C[C[C[C[C[C[C[C[C[C[C[C[C[C[C[C[C[C[C[C[C[C[C[C[C[12@add remote origin[C[C[C[C[C[C[C[C[C[C[C[C[C[C[C[C[C[C[C[C[C[C[C[C[C[C[C[C[C[C[C[C[C[C[C[C[C[C[C[C[C[C[C[C[C[C[C[C[C[C[C[C
fatal: pathspec 'remote' did not match any files
]0;~/olivia_Draft2Olivias-MacBook-Pro:olivia_Draft2 olivia$ git add remote origin https://github.com/oliviahuang2018/olivia_power.git
fatal: pathspec 'remote' did not match any files
]0;~/olivia_Draft2Olivias-MacBook-Pro:olivia_Draft2 olivia$ git remote add origin https://github.com/oliviahuang2018/olivia_power.git
]0;~/olivia_Draft2Olivias-MacBook-Pro:olivia_Draft2 olivia$ ls
archetypes		content			layouts			public			themes
config-empty.toml	data			olivia_Draft2.Rproj	resources
config.toml		index.Rmd		olivia_power		static
]0;~/olivia_Draft2Olivias-MacBook-Pro:olivia_Draft2 olivia$ git add -A
warning: adding embedded git repository: olivia_power
hint: You've added another git repository inside your current repository.
hint: Clones of the outer repository will not contain the contents of
hint: the embedded repository and will not know how to obtain it.
hint: If you meant to add a submodule, use:
hint: 
hint: 	git submodule add <url> olivia_power
hint: 
hint: If you added this path by mistake, you can remove it from the
hint: index with:
hint: 
hint: 	git rm --cached olivia_power
hint: 
hint: See "git help submodule" for more information.
]0;~/olivia_Draft2Olivias-MacBook-Pro:olivia_Draft2 olivia$ git add -Als[Kgit remote add origin https://github.com/oliviahuang2018/olivia_power.git
fatal: remote origin already exists.
]0;~/olivia_Draft2Olivias-MacBook-Pro:olivia_Draft2 olivia$ git remote add origin https://github.com/oliviahuang2018/olivia_power.git[C[C[C[C[C[C[C[C[C[C[C[C[C[C[C[C[C[C[C[C[C[C[C[C[C[C[C[C[C[C[C[C[C[C[C[C[C[C[C[C[C[C[C[C[C[Cadd -A[K
]0;~/olivia_Draft2Olivias-MacBook-Pro:olivia_Draft2 olivia$ git commit -m "my first message"
[master (root-commit) b89d99a] my first message
 Committer: Olivia Huang <olivia@Olivias-MacBook-Pro.local>
Your name and email address were configured automatically based
on your username and hostname. Please check that they are accurate.
You can suppress this message by setting them explicitly. Run the
following command and follow the instructions in your editor to edit
your configuration file:

    git config --global --edit

After doing this, you may fix the identity used for this commit with:

    git commit --amend --reset-author

 335 files changed, 7718 insertions(+)
 create mode 100644 .DS_Store
 create mode 100644 .RData
 create mode 100644 .Rhistory
 create mode 100644 .Rproj.user/74D5DC53/console06/7ADA88A1
 create mode 100644 .Rproj.user/74D5DC53/console06/7ADA88A1.env
 create mode 100644 .Rproj.user/74D5DC53/console06/INDEX001
 create mode 100644 .Rproj.user/74D5DC53/pcs/debug-breakpoints.pper
 create mode 100644 .Rproj.user/74D5DC53/pcs/files-pane.pper
 create mode 100644 .Rproj.user/74D5DC53/pcs/source-pane.pper
 create mode 100644 .Rproj.user/74D5DC53/pcs/windowlayoutstate.pper
 create mode 100644 .Rproj.user/74D5DC53/pcs/workbench-pane.pper
 create mode 100644 .Rproj.user/74D5DC53/persistent-state
 create mode 100644 .Rproj.user/74D5DC53/rmd-outputs
 create mode 100644 .Rproj.user/74D5DC53/saved_source_markers
 create mode 100644 .Rproj.user/74D5DC53/sources/prop/13512D8F
 create mode 100644 .Rproj.user/74D5DC53/sources/prop/1497A12F
 create mode 100644 .Rproj.user/74D5DC53/sources/prop/177F2833
 create mode 100644 .Rproj.user/74D5DC53/sources/prop/17E484FE
 create mode 100644 .Rproj.user/74D5DC53/sources/prop/196815DF
 create mode 100644 .Rproj.user/74D5DC53/sources/prop/1ADA44BC
 create mode 100644 .Rproj.user/74D5DC53/sources/prop/1D0670B3
 create mode 100644 .Rproj.user/74D5DC53/sources/prop/1DEB97A0
 create mode 100644 .Rproj.user/74D5DC53/sources/prop/1EA56672
 create mode 100644 .Rproj.user/74D5DC53/sources/prop/28A0150E
 create mode 100644 .Rproj.user/74D5DC53/sources/prop/2A5BAECC
 create mode 100644 .Rproj.user/74D5DC53/sources/prop/2B8CD27F
 create mode 100644 .Rproj.user/74D5DC53/sources/prop/3080B3B9
 create mode 100644 .Rproj.user/74D5DC53/sources/prop/31A4F812
 create mode 100644 .Rproj.user/74D5DC53/sources/prop/3D7B5997
 create mode 100644 .Rproj.user/74D5DC53/sources/prop/43744E1A
 create mode 100644 .Rproj.user/74D5DC53/sources/prop/445A15C0
 create mode 100644 .Rproj.user/74D5DC53/sources/prop/46EDAFFB
 create mode 100644 .Rproj.user/74D5DC53/sources/prop/4B15EBA6
 create mode 100644 .Rproj.user/74D5DC53/sources/prop/54662395
 create mode 100644 .Rproj.user/74D5DC53/sources/prop/5538158D
 create mode 100644 .Rproj.user/74D5DC53/sources/prop/579E49E3
 create mode 100644 .Rproj.user/74D5DC53/sources/prop/5943711F
 create mode 100644 .Rproj.user/74D5DC53/sources/prop/6101291E
 create mode 100644 .Rproj.user/74D5DC53/sources/prop/69F2796F
 create mode 100644 .Rproj.user/74D5DC53/sources/prop/6B1A3764
 create mode 100644 .Rproj.user/74D5DC53/sources/prop/6EBB031
 create mode 100644 .Rproj.user/74D5DC53/sources/prop/6F192300
 create mode 100644 .Rproj.user/74D5DC53/sources/prop/708FDABC
 create mode 100644 .Rproj.user/74D5DC53/sources/prop/7633BCE8
 create mode 100644 .Rproj.user/74D5DC53/sources/prop/7BD2CD26
 create mode 100644 .Rproj.user/74D5DC53/sources/prop/7EBA43D4
 create mode 100644 .Rproj.user/74D5DC53/sources/prop/81688847
 create mode 100644 .Rproj.user/74D5DC53/sources/prop/8733247
 create mode 100644 .Rproj.user/74D5DC53/sources/prop/994FC988
 create mode 100644 .Rproj.user/74D5DC53/sources/prop/A5E7CF69
 create mode 100644 .Rproj.user/74D5DC53/sources/prop/AB183319
 create mode 100644 .Rproj.user/74D5DC53/sources/prop/AB1AC090
 create mode 100644 .Rproj.user/74D5DC53/sources/prop/AEA0BF39
 create mode 100644 .Rproj.user/74D5DC53/sources/prop/AF3BB924
 create mode 100644 .Rproj.user/74D5DC53/sources/prop/B4BF7165
 create mode 100644 .Rproj.user/74D5DC53/sources/prop/B8209D41
 create mode 100644 .Rproj.user/74D5DC53/sources/prop/C1BF4616
 create mode 100644 .Rproj.user/74D5DC53/sources/prop/C4D53602
 create mode 100644 .Rproj.user/74D5DC53/sources/prop/CD2BCC40
 create mode 100644 .Rproj.user/74D5DC53/sources/prop/CF4DD509
 create mode 100644 .Rproj.user/74D5DC53/sources/prop/D4171246
 create mode 100644 .Rproj.user/74D5DC53/sources/prop/D733BFB6
 create mode 100644 .Rproj.user/74D5DC53/sources/prop/D9A68AEF
 create mode 100644 .Rproj.user/74D5DC53/sources/prop/DBC87DED
 create mode 100644 .Rproj.user/74D5DC53/sources/prop/DFF34AF8
 create mode 100644 .Rproj.user/74D5DC53/sources/prop/E2A208B3
 create mode 100644 .Rproj.user/74D5DC53/sources/prop/F143975F
 create mode 100644 .Rproj.user/74D5DC53/sources/prop/FB5F3BB
 create mode 100644 .Rproj.user/74D5DC53/sources/prop/FE58DD20
 create mode 100644 .Rproj.user/74D5DC53/sources/prop/INDEX
 create mode 100644 .Rproj.user/74D5DC53/sources/s-C7AF23C1/134D58A3
 create mode 100644 .Rproj.user/74D5DC53/sources/s-C7AF23C1/134D58A3-contents
 create mode 100644 .Rproj.user/74D5DC53/sources/s-C7AF23C1/18656E8D
 create mode 100644 .Rproj.user/74D5DC53/sources/s-C7AF23C1/18656E8D-contents
 create mode 100644 .Rproj.user/74D5DC53/sources/s-C7AF23C1/32CF592B
 create mode 100644 .Rproj.user/74D5DC53/sources/s-C7AF23C1/32CF592B-contents
 create mode 100644 .Rproj.user/74D5DC53/sources/s-C7AF23C1/33714A02
 create mode 100644 .Rproj.user/74D5DC53/sources/s-C7AF23C1/33714A02-contents
 create mode 100644 .Rproj.user/74D5DC53/sources/s-C7AF23C1/7C3F7F2B
 create mode 100644 .Rproj.user/74D5DC53/sources/s-C7AF23C1/7C3F7F2B-contents
 create mode 100644 .Rproj.user/74D5DC53/sources/s-C7AF23C1/BB87A93
 create mode 100644 .Rproj.user/74D5DC53/sources/s-C7AF23C1/BB87A93-contents
 create mode 100644 .Rproj.user/74D5DC53/sources/s-C7AF23C1/DBE50A73
 create mode 100644 .Rproj.user/74D5DC53/sources/s-C7AF23C1/DBE50A73-contents
 create mode 100644 .Rproj.user/74D5DC53/sources/s-C7AF23C1/lock_file
 create mode 100644 .Rproj.user/74D5DC53/viewer-cache/FEA86A57.Rdata
 create mode 100644 .Rproj.user/shared/notebooks/5153394D-Titanic_Case /1/74D5DC53FDBF71C7/chunks.json
 create mode 100644 .Rproj.user/shared/notebooks/5153394D-Titanic_Case /1/s/chunks.json
 create mode 100644 .Rproj.user/shared/notebooks/5153394D-Titanic_Case /1/s/cobytc27ew0mo/00002b.csv
 create mode 100644 .Rproj.user/shared/notebooks/5153394D-Titanic_Case /1/s/cobytc27ew0mo/00002c.error
 create mode 100644 .Rproj.user/shared/notebooks/5153394D-Titanic_Case /1/s/cp5f2afu6cz6a/00004f.metadata
 create mode 100644 .Rproj.user/shared/notebooks/5153394D-Titanic_Case /1/s/cp5f2afu6cz6a/00004f.png
 create mode 100644 .Rproj.user/shared/notebooks/5153394D-Titanic_Case /1/s/cp5f2afu6cz6a/00004f.snapshot
 create mode 100644 .Rproj.user/shared/notebooks/patch-chunk-names
 create mode 100644 .Rproj.user/shared/notebooks/paths
 create mode 100644 archetypes/default.md
 create mode 100644 config-empty.toml
 create mode 100644 config.toml
 create mode 100644 content/360pro.md
 create mode 100644 content/cope.md
 create mode 100644 content/tedx.md
 create mode 100644 data/process/Experiences.yaml
 create mode 100644 data/process/coursework.yaml
 create mode 100644 data/process/design.yaml
 create mode 100644 data/process/discovery.yaml
 create mode 100644 data/process/research.yaml
 create mode 100644 data/process/skills.yaml
 create mode 100644 index.Rmd
 create mode 100644 olivia_Draft2.Rproj
 create mode 100644 public/.DS_Store
 create mode 100644 public/360pro/.DS_Store
 create mode 100644 public/360pro/DSO 562 Project 1 (2).pdf
 create mode 100644 public/360pro/img/.DS_Store
 create mode 100644 public/360pro/img/Screen Shot 2018-08-19 at 9.45.00 PM.png
 create mode 100644 public/360pro/img/Screen Shot 2018-08-19 at 9.45.18 PM.png
 create mode 100644 public/360pro/img/chappy.jpg
 create mode 100644 public/360pro/img/dfd.png
 create mode 100644 public/360pro/img/featured-360.jpg
 create mode 100644 public/360pro/img/field.jpg
 create mode 100644 public/360pro/img/jobstories.jpg
 create mode 100644 public/360pro/img/project.jpg
 create mode 100644 public/360pro/img/project.png
 create mode 100644 public/360pro/img/project1.png
 create mode 100644 public/360pro/img/project2.png
 create mode 100644 public/360pro/img/project3.png
 create mode 100644 public/360pro/img/project4.png
 create mode 100644 public/360pro/img/starttest.png
 create mode 100644 public/360pro/img/testing.png
 create mode 100644 public/360pro/img/track.jpg
 create mode 100644 public/360pro/index.html
 create mode 100644 public/360pro/project1.pdf
 create mode 100644 public/Final Report.pdf
 create mode 100644 public/ResumeCollado.pdf
 create mode 100644 public/categories/index.xml
 create mode 100644 public/cope.pdf
 create mode 100644 public/cope/.DS_Store
 create mode 100644 public/cope/img/.DS_Store
 create mode 100644 public/cope/img/film.jpg
 create mode 100644 public/cope/img/film.png
 create mode 100644 public/cope/index.html
 create mode 100644 public/css/final.css
 create mode 100644 public/css/normalize.css
 create mode 100644 public/img/.DS_Store
 create mode 100644 public/img/20170825_MSBA_Portraits_0895_F.jpg
 create mode 100644 public/img/360.jpg
 create mode 100644 public/img/Untitled-2_Artboard .png
 create mode 100644 public/img/cope.jpg
 create mode 100644 public/img/favicon.png
 create mode 100644 public/img/film.jpg
 create mode 100644 public/img/icon-01.png
 create mode 100644 public/img/icon.png
 create mode 100644 public/img/logo-02.png
 create mode 100644 public/img/logo-03.png
 create mode 100644 public/img/logo.png
 create mode 100644 public/img/logo1.png
 create mode 100644 public/img/los angeles.jpg
 create mode 100644 public/img/medium.png
 create mode 100644 public/img/olivia.jpg
 create mode 100644 public/img/olivia.png
 create mode 100644 public/img/olivia_logo.jpg
 create mode 100644 public/img/oliviahuang.png
 create mode 100644 public/img/portfolio.jpg
 create mode 100644 public/img/project.jpg
 create mode 100644 public/img/tedx.jpg
 create mode 100644 public/index.html
 create mode 100644 public/index.xml
 create mode 100644 public/js/jquery-1.js
 create mode 100644 public/js/scrollIt.js
 create mode 100644 public/js/stickUp.js
 create mode 100644 public/sitemap.xml
 create mode 100644 public/svg/book.svg
 create mode 100644 public/svg/closetag.svg
 create mode 100644 public/svg/dl-resume.svg
 create mode 100644 public/svg/download.svg
 create mode 100644 public/svg/eyeball.svg
 create mode 100644 public/svg/repeat.svg
 create mode 100644 public/svg/rulerpencil.svg
 create mode 100644 public/svg/ui.svg
 create mode 100644 public/svg/wand.svg
 create mode 100644 public/tags/index.xml
 create mode 100644 public/tags/plot/index.xml
 create mode 100644 public/tags/r-markdown/index.xml
 create mode 100644 public/tags/regression/index.xml
 create mode 100644 public/tedx/.DS_Store
 create mode 100644 public/tedx/Final Report.pdf
 create mode 100644 public/tedx/img/.DS_Store
 create mode 100644 public/tedx/img/545_final!!.pdf
 create mode 100644 public/tedx/img/cta.png
 create mode 100644 public/tedx/img/enzo.jpg
 create mode 100644 public/tedx/img/events.png
 create mode 100644 public/tedx/img/featured-tedx.jpg
 create mode 100644 public/tedx/img/los angeles.jpg
 create mode 100644 public/tedx/img/moodboard.jpg
 create mode 100644 public/tedx/img/nate.jpg
 create mode 100644 public/tedx/img/nextstepsted.jpg
 create mode 100644 public/tedx/img/p1.png
 create mode 100644 public/tedx/img/p2.png
 create mode 100644 public/tedx/img/phases.png
 create mode 100644 public/tedx/img/ppt.pdf
 create mode 100644 public/tedx/img/project.png
 create mode 100644 public/tedx/img/project1.png
 create mode 100644 public/tedx/img/project2.png
 create mode 100644 public/tedx/img/projecti7.jpg
 create mode 100644 public/tedx/img/sketchted.jpg
 create mode 100644 public/tedx/img/whycoordinate.jpg
 create mode 100644 public/tedx/index.html
 create mode 100644 public/tedx/ppt.pdf
 create mode 100644 static/.DS_Store
 create mode 100644 static/360pro/.DS_Store
 create mode 100644 static/360pro/img/.DS_Store
 create mode 100644 static/360pro/img/project.jpg
 create mode 100644 static/360pro/img/project.png
 create mode 100644 static/360pro/img/project1.png
 create mode 100644 static/360pro/img/project2.png
 create mode 100644 static/360pro/img/project3.png
 create mode 100644 static/360pro/img/project4.png
 create mode 100644 static/360pro/project1.pdf
 create mode 100644 static/ResumeCollado.pdf
 create mode 100644 static/cope.pdf
 create mode 100644 static/cope/.DS_Store
 create mode 100644 static/cope/img/.DS_Store
 create mode 100644 static/cope/img/film.jpg
 create mode 100644 static/cope/img/film.png
 create mode 100644 static/img/.DS_Store
 create mode 100644 static/img/favicon.png
 create mode 100644 static/img/film.jpg
 create mode 100644 static/img/icon-01.png
 create mode 100644 static/img/logo-02.png
 create mode 100644 static/img/logo-03.png
 create mode 100644 static/img/logo.png
 create mode 100644 static/img/los angeles.jpg
 create mode 100644 static/img/olivia.jpg
 create mode 100644 static/img/olivia.png
 create mode 100644 static/img/oliviahuang.png
 create mode 100644 static/img/portfolio.jpg
 create mode 100644 static/img/project.jpg
 create mode 100644 static/tedx/.DS_Store
 create mode 100644 static/tedx/Final Report.pdf
 create mode 100644 static/tedx/img/.DS_Store
 create mode 100644 static/tedx/img/los angeles.jpg
 create mode 100644 static/tedx/img/p1.png
 create mode 100644 static/tedx/img/p2.png
 create mode 100644 static/tedx/img/project.png
 create mode 100644 static/tedx/img/project1.png
 create mode 100644 static/tedx/img/project2.png
 create mode 100644 static/tedx/ppt.pdf
 create mode 100644 themes/.DS_Store
 create mode 100644 themes/hugo-lodi-theme/.DS_Store
 create mode 100644 themes/hugo-lodi-theme/LICENSE.md
 create mode 100644 themes/hugo-lodi-theme/README.md
 create mode 100644 themes/hugo-lodi-theme/archetypes/default.md
 create mode 100644 themes/hugo-lodi-theme/exampleSite/archetypes/default.md
 create mode 100644 themes/hugo-lodi-theme/exampleSite/config-empty.toml
 create mode 100644 themes/hugo-lodi-theme/exampleSite/config.toml
 create mode 100644 themes/hugo-lodi-theme/exampleSite/content/360pro.md
 create mode 100644 themes/hugo-lodi-theme/exampleSite/content/cope.md
 create mode 100644 themes/hugo-lodi-theme/exampleSite/content/tedx.md
 create mode 100644 themes/hugo-lodi-theme/exampleSite/data/process/design.yaml
 create mode 100644 themes/hugo-lodi-theme/exampleSite/data/process/development.yaml
 create mode 100644 themes/hugo-lodi-theme/exampleSite/data/process/discovery.yaml
 create mode 100644 themes/hugo-lodi-theme/exampleSite/data/process/iteration.yaml
 create mode 100644 themes/hugo-lodi-theme/exampleSite/data/process/repeat.yaml
 create mode 100644 themes/hugo-lodi-theme/exampleSite/data/process/research.yaml
 create mode 100644 themes/hugo-lodi-theme/exampleSite/static/360pro/img/chappy.jpg
 create mode 100644 themes/hugo-lodi-theme/exampleSite/static/360pro/img/dfd.png
 create mode 100644 themes/hugo-lodi-theme/exampleSite/static/360pro/img/featured-360.jpg
 create mode 100644 themes/hugo-lodi-theme/exampleSite/static/360pro/img/field.jpg
 create mode 100644 themes/hugo-lodi-theme/exampleSite/static/360pro/img/jobstories.jpg
 create mode 100644 themes/hugo-lodi-theme/exampleSite/static/360pro/img/starttest.png
 create mode 100644 themes/hugo-lodi-theme/exampleSite/static/360pro/img/testing.png
 create mode 100644 themes/hugo-lodi-theme/exampleSite/static/360pro/img/track.jpg
 create mode 100644 themes/hugo-lodi-theme/exampleSite/static/ResumeCollado.pdf
 create mode 100644 themes/hugo-lodi-theme/exampleSite/static/cope.pdf
 create mode 100644 themes/hugo-lodi-theme/exampleSite/static/cope/img/add-medicine.png
 create mode 100644 themes/hugo-lodi-theme/exampleSite/static/cope/img/calendar.png
 create mode 100644 themes/hugo-lodi-theme/exampleSite/static/cope/img/competition-cope.jpg
 create mode 100644 themes/hugo-lodi-theme/exampleSite/static/cope/img/cope-final.png
 create mode 100644 themes/hugo-lodi-theme/exampleSite/static/cope/img/discarded.jpg
 create mode 100644 themes/hugo-lodi-theme/exampleSite/static/cope/img/featured-cope.jpg
 create mode 100644 themes/hugo-lodi-theme/exampleSite/static/cope/img/flow.png
 create mode 100644 themes/hugo-lodi-theme/exampleSite/static/cope/img/john.jpg
 create mode 100644 themes/hugo-lodi-theme/exampleSite/static/cope/img/persona.png
 create mode 100644 themes/hugo-lodi-theme/exampleSite/static/cope/img/sketch.png
 create mode 100644 themes/hugo-lodi-theme/exampleSite/static/cope/img/summary.png
 create mode 100644 themes/hugo-lodi-theme/exampleSite/static/img/360.jpg
 create mode 100644 themes/hugo-lodi-theme/exampleSite/static/img/avatar.jpg
 create mode 100644 themes/hugo-lodi-theme/exampleSite/static/img/cope.jpg
 create mode 100644 themes/hugo-lodi-theme/exampleSite/static/img/favicon.png
 create mode 100644 themes/hugo-lodi-theme/exampleSite/static/img/logo.png
 create mode 100644 themes/hugo-lodi-theme/exampleSite/static/img/portfolio.jpg
 create mode 100644 themes/hugo-lodi-theme/exampleSite/static/img/tedx.jpg
 create mode 100644 themes/hugo-lodi-theme/exampleSite/static/tedx/img/cta.png
 create mode 100644 themes/hugo-lodi-theme/exampleSite/static/tedx/img/enzo.jpg
 create mode 100644 themes/hugo-lodi-theme/exampleSite/static/tedx/img/events.png
 create mode 100644 themes/hugo-lodi-theme/exampleSite/static/tedx/img/featured-tedx.jpg
 create mode 100644 themes/hugo-lodi-theme/exampleSite/static/tedx/img/moodboard.jpg
 create mode 100644 themes/hugo-lodi-theme/exampleSite/static/tedx/img/nate.jpg
 create mode 100644 themes/hugo-lodi-theme/exampleSite/static/tedx/img/nextstepsted.jpg
 create mode 100644 themes/hugo-lodi-theme/exampleSite/static/tedx/img/phases.png
 create mode 100644 themes/hugo-lodi-theme/exampleSite/static/tedx/img/projecti7.jpg
 create mode 100644 themes/hugo-lodi-theme/exampleSite/static/tedx/img/sketchted.jpg
 create mode 100644 themes/hugo-lodi-theme/exampleSite/static/tedx/img/whycoordinate.jpg
 create mode 100644 themes/hugo-lodi-theme/images/screenshot.png
 create mode 100644 themes/hugo-lodi-theme/images/tn.png
 create mode 100644 themes/hugo-lodi-theme/layouts/.DS_Store
 create mode 100644 themes/hugo-lodi-theme/layouts/_default/list.html
 create mode 100644 themes/hugo-lodi-theme/layouts/_default/single.html
 create mode 100644 themes/hugo-lodi-theme/layouts/index.html
 create mode 100644 themes/hugo-lodi-theme/layouts/partials/case_studies.html
 create mode 100644 themes/hugo-lodi-theme/layouts/partials/casestudy_main.html
 create mode 100644 themes/hugo-lodi-theme/layouts/partials/footer.html
 create mode 100644 themes/hugo-lodi-theme/layouts/partials/head.html
 create mode 100644 themes/hugo-lodi-theme/layouts/partials/head_casestudy.html
 create mode 100644 themes/hugo-lodi-theme/layouts/partials/hero.html
 create mode 100644 themes/hugo-lodi-theme/layouts/partials/nav.html
 create mode 100644 themes/hugo-lodi-theme/layouts/partials/nav_casestudy.html
 create mode 100644 themes/hugo-lodi-theme/layouts/partials/process.html
 create mode 100644 themes/hugo-lodi-theme/layouts/partials/scripts.html
 create mode 100644 themes/hugo-lodi-theme/static/.DS_Store
 create mode 100644 themes/hugo-lodi-theme/static/css/final.css
 create mode 100644 themes/hugo-lodi-theme/static/css/normalize.css
 create mode 100644 themes/hugo-lodi-theme/static/img/medium.png
 create mode 100644 themes/hugo-lodi-theme/static/js/jquery-1.js
 create mode 100644 themes/hugo-lodi-theme/static/js/scrollIt.js
 create mode 100644 themes/hugo-lodi-theme/static/js/stickUp.js
 create mode 100644 themes/hugo-lodi-theme/static/svg/book.svg
 create mode 100644 themes/hugo-lodi-theme/static/svg/closetag.svg
 create mode 100644 themes/hugo-lodi-theme/static/svg/dl-resume.svg
 create mode 100644 themes/hugo-lodi-theme/static/svg/download.svg
 create mode 100644 themes/hugo-lodi-theme/static/svg/eyeball.svg
 create mode 100644 themes/hugo-lodi-theme/static/svg/repeat.svg
 create mode 100644 themes/hugo-lodi-theme/static/svg/rulerpencil.svg
 create mode 100644 themes/hugo-lodi-theme/static/svg/ui.svg
 create mode 100644 themes/hugo-lodi-theme/static/svg/wand.svg
 create mode 100644 themes/hugo-lodi-theme/theme.toml
]0;~/olivia_Draft2Olivias-MacBook-Pro:olivia_Draft2 olivia$ git -push
Unknown option: -push
usage: git [--version] [--help] [-C <path>] [-c name=value]
           [--exec-path[=<path>]] [--html-path] [--man-path] [--info-path]
           [-p | --paginate | --no-pager] [--no-replace-objects] [--bare]
           [--git-dir=<path>] [--work-tree=<path>] [--namespace=<name>]
           <command> [<args>]
]0;~/olivia_Draft2Olivias-MacBook-Pro:olivia_Draft2 olivia$ ggit p[K[K[K[K[Kit push
fatal: The current branch master has no upstream branch.
To push the current branch and set the remote as upstream, use

    git push --set-upstream origin master

]0;~/olivia_Draft2Olivias-MacBook-Pro:olivia_Draft2 olivia$ git push -origin master [K
fatal: 'master' does not appear to be a git repository
fatal: Could not read from remote repository.

Please make sure you have the correct access rights
and the repository exists.
]0;~/olivia_Draft2Olivias-MacBook-Pro:olivia_Draft2 olivia$ git push origin master
To https://github.com/oliviahuang2018/olivia_power.git
 ! [rejected]        master -> master (fetch first)
error: failed to push some refs to 'https://github.com/oliviahuang2018/olivia_power.git'
hint: Updates were rejected because the remote contains work that you do
hint: not have locally. This is usually caused by another repository pushing
hint: to the same ref. You may want to first integrate the remote changes
hint: (e.g., 'git pull ...') before pushing again.
hint: See the 'Note about fast-forwards' in 'git push --help' for details.
]0;~/olivia_Draft2Olivias-MacBook-Pro:olivia_Draft2 olivia$ git remote add origin https://github.com/oliviahuang2018/olivia_power.git
fatal: remote origin already exists.
]0;~/olivia_Draft2Olivias-MacBook-Pro:olivia_Draft2 olivia$ git pull oriogin[K[K[K[Kgin master
warning: no common commits
remote: Counting objects: 3, done.[K
remote: Total 3 (delta 0), reused 0 (delta 0), pack-reused 0[K
Unpacking objects:  33% (1/3)   Unpacking objects:  66% (2/3)   Unpacking objects: 100% (3/3)   Unpacking objects: 100% (3/3), done.
From https://github.com/oliviahuang2018/olivia_power
 * branch            master     -> FETCH_HEAD
 * [new branch]      master     -> origin/master
fatal: refusing to merge unrelated histories
]0;~/olivia_Draft2Olivias-MacBook-Pro:olivia_Draft2 olivia$ git commit -m "second"
On branch master
Changes not staged for commit:
	[31mmodified:   .Rproj.user/74D5DC53/console06/7ADA88A1[m

no changes added to commit
]0;~/olivia_Draft2Olivias-MacBook-Pro:olivia_Draft2 olivia$ git push[K[K[K[K[K[K[K[Kgit add -A